// Vitest Snapshot v1, https://vitest.dev/guide/snapshot.html

exports[`Button > match snapshot 1`] = `
<div>
  <button
    class="flex items-center justify-center cursor-pointer rounded-full bg-green-teal hover:bg-green-teal-dark py-1 transition-colors disabled:cursor-auto disabled:bg-pinkish-gray"
  />
</div>
`;
